// Jest Snapshot v1, https://goo.gl/fbAQLP

exports[`LuckUtils LuckUtils - calcDefTeamLuckAdj: Defensive Luck Adjustments 1`] = `
{
   "avgEff": 100,
   "luckPct": 0.66,
   "baseDef3P": 0.32521489971346706,
   "baseDef3PSos": 0.3298939828080229,
   "basePoss": 2081,
   "base3PSosAdj": -0.0015908882521489841,
   "sampleDef3P": 0.3614457831325301,
   "sampleDef3PSos": 0.3225421686746988,
   "samplePoss": 489,
   "sample3PSosAdj": 0.013227228915662642,
   "sampleDefEfg": 0.4733178654292343,
   "sampleDefPpp": 98.15950920245399,
   "sampleOffSos": 105.45848670756645,
   "sampleDef3PRate": 0.3851508120649652,
   "sampleDefFGA": 431,
   "sampleDefOrb": 0.2947761194029851,
   "avg3PSosAdj": 0.001228590072777041,
   "adjDef3P": 0.32377075874747585,
   "delta3P": -0.03767502438505427,
   "deltaDefEfg": -0.021765849354706525,
   "deltaDefPppNoOrb": -3.836842974183441,
   "deltaMissesPct": 0.014510566236471017,
   "deltaDefOrbFactor": 0.004295742880401803,
   "deltaPtsOffMisses": 0.40518592191060876,
   "deltaDefPpp": -3.4316570522728322,
   "deltaDefAdjEff": -3.2540359333893396
}
`;

exports[`LuckUtils LuckUtils - calcOffTeamLuckAdj: Offensive Luck Adjustments 1`] = `
{
   "avgEff": 100,
   "samplePoss": 1602,
   "sample3P": 0.31958762886597936,
   "sample3PA": 582,
   "base3PA": 765,
   "player3PInfo": {
      "Cowan, Anthony": {
         "shot_info_ast_3pm": 35,
         "shot_info_early_3pa": 23,
         "shot_info_unast_3pm": 13,
         "shot_info_unknown_3pM": 103,
         "shot_info_total": 174,
         "base3P": 0.3218390804597701,
         "unassisted3P": 0.28433908045977013,
         "assisted3P": 0.34433908045977013,
         "expected3P": 0.3235632183908046
      },
      "Wiggins, Aaron": {
         "shot_info_ast_3pm": 49,
         "shot_info_early_3pa": 47,
         "shot_info_unast_3pm": 0,
         "shot_info_unknown_3pM": 71,
         "shot_info_total": 167,
         "base3P": 0.31736526946107785,
         "unassisted3P": 0.2618935713478703,
         "assisted3P": 0.3218935713478703,
         "expected3P": 0.3186939328889391
      }
   },
   "sampleBase3P": 0.32117855364355663,
   "regress3P": 0.3204911607552493,
   "sampleOff3PRate": 0.4279411764705882,
   "sampleOffFGA": 1360,
   "sampleOffOrb": 0.30924170616113744,
   "sampleOffEfg": 0.49779411764705883,
   "sampleOffPpp": 108.3645443196005,
   "sampleDefSos": 96.33476903870161,
   "delta3P": 0.0009035318892699484,
   "deltaOffEfg": 0.0005799877495093125,
   "deltaMissesPct": -0.00038665849967287497,
   "deltaOffPppNoOrb": 0.09847482388672471,
   "deltaOffOrbFactor": -0.00011955663864158037,
   "deltaPtsOffMisses": -0.012967473985712715,
   "deltaOffPpp": 0.085507349901012,
   "deltaOffAdjEff": 0.08876063206905101
}
`;

exports[`LuckUtils LuckUtils - injectLuck 1`] = `
{
   "off_adj_ppp": {
      "value": 115.29989828118829,
      "old_value": 115.21113764911924,
      "override": "Adjusted from Off 3P%"
   },
   "def_adj_ppp": {
      "value": 86.95817296735666,
      "old_value": 90.212208900746,
      "override": "Adjusted from Def 3P%"
   },
   "off_3p": {
      "value": 0.3204911607552493,
      "old_value": 0.31958762886597936,
      "override": "Luck adjusted"
   },
   "off_ppp": {
      "value": 108.4500516695015,
      "old_value": 108.3645443196005,
      "override": "Adjusted from Off 3P%"
   },
   "off_efg": {
      "value": 0.4983741053965681,
      "old_value": 0.49779411764705883,
      "override": "Adjusted from Off 3P%"
   },
   "def_3p": {
      "value": 0.32377075874747585,
      "old_value": 0.31390977443609025,
      "override": "Luck adjusted"
   },
   "def_ppp": {
      "value": 91.98291581204879,
      "old_value": 95.41457286432161,
      "override": "Adjusted from Def 3P%"
   },
   "def_efg": {
      "value": 0.43573415064529347,
      "old_value": 0.4575,
      "override": "Adjusted from Def 3P%"
   }
}
`;
