// Jest Snapshot v1, https://goo.gl/fbAQLP

exports[`LineupLeaderboardPage LineupLeaderboardPage - should create snapshot 1`] = `
<Container
  className="medium_screen"
  fluid={false}
>
  <SiteModeDropdown />
  <Row
    className="mt-2"
    noGutters={false}
  >
    <Col
      className="text-center"
      xs={12}
    >
      <LandingPageIcon />
      <h3>
        Lineup Leaderboard
      </h3>
    </Col>
  </Row>
  <Row
    className="border-bottom"
    noGutters={false}
  >
    <HeaderBar
      common={
        Object {
          "gender": "",
          "year": "",
        }
      }
      thisPage="lineup-_leaderboard"
    />
  </Row>
  <Row
    className="mt-3"
    noGutters={false}
  >
    <LineupLeaderboardTable
      dataEvent={
        Object {
          "confs": Array [],
          "lastUpdated": 0,
          "lineups": Array [],
        }
      }
      onChangeState={[Function]}
      startingState={Object {}}
    />
  </Row>
  <Footer
    dateOverride={0}
    server="server"
  />
</Container>
`;
