// Jest Snapshot v1, https://goo.gl/fbAQLP

exports[`LineupAnalyzerPage LineupAnalyzerPage - should create snapshot 1`] = `
<Container
  fluid={false}
>
  <ForwardRef
    noGutters={false}
  >
    <Col
      className="text-center"
      xs={12}
    >
      <h3>
        CBB Lineup Analysis Tool 
        <span
          className="badge badge-pill badge-info"
        >
          BETA!
        </span>
      </h3>
    </Col>
  </ForwardRef>
  <ForwardRef
    noGutters={false}
  >
    <HeaderBar
      common={Object {}}
      thisPage="lineup-"
    />
  </ForwardRef>
  <ForwardRef
    noGutters={false}
  >
    <GenericCollapsibleCard
      summary="Lineups: 2019/20  (M): query:'' (max:50, min-poss:5, sort:desc:off_poss, filter:'')"
      title="Team and Game Filter"
    >
      <LineupFilter
        onChangeState={[Function]}
        onStats={[Function]}
        startingState={Object {}}
      />
    </GenericCollapsibleCard>
  </ForwardRef>
  <ForwardRef
    noGutters={false}
  >
    <GenericCollapsibleCard
      title="Lineup Analysis"
    >
      <LineupStatsTable
        lineupStats={Object {}}
        onChangeState={[Function]}
        rosterStats={
          Object {
            "baseline": Array [],
            "off": Array [],
            "on": Array [],
          }
        }
        startingState={Object {}}
        teamStats={Object {}}
      />
    </GenericCollapsibleCard>
  </ForwardRef>
  <Footer
    server="server"
  />
</Container>
`;
