// Jest Snapshot v1, https://goo.gl/fbAQLP

exports[`TeamLeaderboardPage TeamLeaderboardPage - should create snapshot 1`] = `
<Container
  fluid={false}
>
  <Head>
    <meta
      content="https://server/thumbnails/team_leaderboard_thumbnail.png"
      property="og:image"
    />
    <meta
      content="https://server/thumbnails/team_leaderboard_thumbnail.png"
      name="twitter:image"
    />
  </Head>
  <Row
    className="mt-2"
    noGutters={false}
  >
    <Col
      className="text-center"
      xs={12}
    >
      <LandingPageIcon />
      <h3>
        Build Your Own T25!
      </h3>
    </Col>
  </Row>
  <Row
    className="border-bottom"
    noGutters={false}
  >
    <HeaderBar
      common={
        Object {
          "gender": "Men",
          "year": "2024/25",
        }
      }
      thisPage="team-_leaderboard"
    />
  </Row>
  <Row
    className="mt-3"
    noGutters={false}
  >
    <TeamLeaderboardTable
      dataEvent={
        Object {
          "confs": Array [],
          "lastUpdated": 0,
          "teams": Array [],
        }
      }
      onChangeState={[Function]}
      startingState={Object {}}
    />
  </Row>
  <Footer
    dateOverride={0}
    server="server"
  />
</Container>
`;
