// Jest Snapshot v1, https://goo.gl/fbAQLP

exports[`RosterStatsDiagView RosterStatsDiagView - should create snapshot 1`] = `
<span>
  ORtg = Points_Produced [
  <b>
    569.5
  </b>
  ] / Adjusted_Possessions [
  <b>
    479.7
  </b>
  ] (
  <a
    href="#"
    onClick={[Function]}
  >
    more
     about points
  </a>
  ) (
  <a
    href="#"
    onClick={[Function]}
  >
    more
     about possessions
  </a>
  ) (
  <a
    href="#"
    onClick={[Function]}
  >
    more
     about Adj+ ORtg
  </a>
  )
  <ul>
    <li>
      Points_Produced: [
      <b>
        569.5
      </b>
      ] = PProd_From_ORB [
      <b>
        9.5
      </b>
      ] + [
      <b>
        560.0
      </b>
      ] (PProd_From_FG [
      <b>
        299.2
      </b>
      ] + FTM [
      <b>
        172.0
      </b>
      ] + PProd_From_AST [
      <b>
        88.8
      </b>
      ], less Team_ORB_Contrib% [
      <b>
        0.0
        %
      </b>
      ]==[
      <b>
        0.0
      </b>
      ])
    </li>
    <ul>
      <li>
        <em>
          Compare raw stats: orb=[
          <b>
            17.0
          </b>
          ], pts=[
          <b>
            506.0
          </b>
          ] (fg_pts=[
          <b>
            334.0
          </b>
           = 
          <b>
            3
          </b>
          *
          <b>
            56.0
          </b>
           + 
          <b>
            2
          </b>
          *(
          <b>
            18.0
          </b>
           + 
          <b>
            65.0
          </b>
          )] + ftm=[
          <b>
            172.0
          </b>
          ]), assists=[
          <b>
            147.0
          </b>
          ]
        </em>
      </li>
    </ul>
    <li>
      Adjusted_Possessions: [
      <b>
        479.7
      </b>
      ] = Scoring_Possessions [
      <b>
        263.2
      </b>
      ] + Missed_FG_Possessions [
      <b>
        143.9
      </b>
      ] + Missed_FT_Possessions [
      <b>
        3.6
      </b>
      ] + TO [
      <b>
        69
      </b>
      ]
    </li>
    <ul>
      <li>
        (Gives adjusted usage: Adj_Usage = [
        <b>
          26.6
          %
        </b>
        ])
      </li>
      <li>
        <em>
          Compare raw stats: poss=[
          <b>
            451.5
          </b>
          ] (fga=[
          <b>
            356
          </b>
           = 
          <b>
            174
          </b>
           + (
          <b>
            65
          </b>
           + 
          <b>
            117
          </b>
          )] + [
          <b>
            0.451
          </b>
          ]*fta=[
          <b>
            100.7
          </b>
          ] + to=[
          <b>
            69
          </b>
          ] - orb=[
          <b>
            74.2
          </b>
          ])
        </em>
      </li>
    </ul>
    <li>
      <b>
        Adjusted+ ORtg
      </b>
      : [
      <b>
        6.2
      </b>
      ] = 
      <em>
        Normalize
      </em>
       [
      <b>
        131.0
      </b>
      ] (Regressed_ORtg [
      <b>
        120.2
      </b>
      ] + Usage_Bonus [
      <b>
        6.3
      </b>
      ]) * (Avg_Efficiency [
      <b>
        100.0
      </b>
      ] / Def_SOS [
      <b>
        96.6
      </b>
      ])
    </li>
  </ul>
  DRtg = Team_DRtg [
  <b>
    97.1
  </b>
  ] + Player_Delta [
  <b>
    1.8
  </b>
  ] Â (
  <a
    href="#"
    onClick={[Function]}
  >
    more
     about DRtg
  </a>
  )
  <ul>
    <li>
      Team_DRtg: [
      <b>
        97.1
      </b>
      ] = 100 * Opponent_Pts [
      <b>
        1738
      </b>
      ] / Opponent_Poss [
      <b>
        1790
      </b>
      ] 
      <em>
        (only counting while player was on floor)
      </em>
    </li>
    <li>
      Player_Delta: [
      <b>
        1.8
      </b>
      ] = (Player_DRtg [
      <b>
        105.9
      </b>
      ] - Team_DRtg [
      <b>
        97.1
      </b>
      ]) / Team_Size [
      <b>
        5
      </b>
      ]
    </li>
    <ul>
      <li>
        Player_DRtg:  [
        <b>
          105.9
        </b>
        ] = 100 * Pts_Per_Score [
        <b>
          2.2
        </b>
        ] * Score_Conceded_By_Player% [
        <b>
          48.9
          %
        </b>
        ]
      </li>
    </ul>
    <li>
      <b>
        Adjusted+ DRtg
      </b>
      : [
      <b>
        -1.7
      </b>
      ] = 
      <em>
        Normalize
      </em>
       [
      <b>
        91.5
      </b>
      ] (DRtg [
      <b>
        98.8
      </b>
      ] * (Avg_Efficiency [
      <b>
        100.0
      </b>
      ] / Off_SOS [
      <b>
        108.0
      </b>
      ]))
    </li>
  </ul>
</span>
`;
