// Jest Snapshot v1, https://goo.gl/fbAQLP

exports[`TeamExtraStatsInfoView TeamExtraStatsInfoView - should create snapshot 1`] = `
<span>
  <b>
    Extra stats info for [
    test
    ]
  </b>
  <br />
  <br />
  <a>
    Play type stats:
  </a>
  <Container
    fluid={false}
  >
    <Row
      noGutters={false}
    >
      <Col
        lg={8}
        xs={12}
      >
        <GenericTable
          tableCopyId="playTypeStats_test"
          tableData={
            Array [
              GenericTableDataRow {
                "cellMetaFn": [Function],
                "colSpanOverride": undefined,
                "dataObj": Object {
                  "off_2p": Object {
                    "value": 0.6779661016949152,
                  },
                  "off_3p": Object {
                    "value": 0.30935251798561153,
                  },
                  "off_3pr": Object {
                    "value": 0.439873417721519,
                  },
                  "off_delta_ppp": Object {
                    "value": 0.0905502377016063,
                  },
                  "off_ftr": Object {
                    "value": 0.6708860759493671,
                  },
                  "off_pct": Object {
                    "value": 0.24058738565238325,
                  },
                  "off_pct_orbs": undefined,
                  "off_ppp": Object {
                    "value": 107.2643586151691,
                  },
                  "off_title": "Transition Offense",
                  "off_to": Object {
                    "value": 0.16609965979587754,
                  },
                },
                "kind": "data-row",
                "prefixFn": [Function],
                "tableFieldsOverride": undefined,
              },
              GenericTableDataRow {
                "cellMetaFn": [Function],
                "colSpanOverride": undefined,
                "dataObj": Object {
                  "off_2p": Object {
                    "value": 0.5755395683453237,
                  },
                  "off_3p": Object {
                    "value": 0.28888888888888886,
                  },
                  "off_3pr": Object {
                    "value": 0.24456521739130435,
                  },
                  "off_delta_ppp": Object {
                    "value": 8.046930109156818,
                  },
                  "off_ftr": Object {
                    "value": 0.47282608695652173,
                  },
                  "off_pct": Object {
                    "value": 0.10780838866433026,
                  },
                  "off_pct_orbs": Object {
                    "value": 0.6415989205037649,
                  },
                  "off_ppp": Object {
                    "value": 115.22073848662431,
                  },
                  "off_title": "Scramble Offense",
                  "off_to": Object {
                    "value": 0.12057984260228126,
                  },
                },
                "kind": "data-row",
                "prefixFn": [Function],
                "tableFieldsOverride": Object {
                  "pct": GenericTableColProps {
                    "className": "",
                    "colName": "%",
                    "colorPicker": [Function],
                    "formatter": [Function],
                    "isTitle": false,
                    "missingData": undefined,
                    "rowSpan": [Function],
                    "toolTip": "Percentage of possessions this play type occurs",
                    "widthUnits": 2,
                  },
                },
              },
              GenericTableSeparator {
                "kind": "separator",
              },
              GenericTableDataRow {
                "cellMetaFn": [Function],
                "colSpanOverride": undefined,
                "dataObj": Object {
                  "def_2p": Object {
                    "value": 0.5286624203821656,
                  },
                  "def_3p": Object {
                    "value": 0.35294117647058826,
                  },
                  "def_3pr": Object {
                    "value": 0.4311594202898551,
                  },
                  "def_delta_ppp": Object {
                    "value": -5.395533808941735,
                  },
                  "def_ftr": Object {
                    "value": 0.42028985507246375,
                  },
                  "def_pct": Object {
                    "value": 0.19610764055742433,
                  },
                  "def_pct_orbs": undefined,
                  "def_ppp": Object {
                    "value": 90.66405292820387,
                  },
                  "def_title": "Transition Defense",
                  "def_to": Object {
                    "value": 0.18867924528301885,
                  },
                },
                "kind": "data-row",
                "prefixFn": [Function],
                "tableFieldsOverride": undefined,
              },
              GenericTableDataRow {
                "cellMetaFn": [Function],
                "colSpanOverride": undefined,
                "dataObj": Object {
                  "def_2p": Object {
                    "value": 0.4766355140186916,
                  },
                  "def_3p": Object {
                    "value": 0.42857142857142855,
                  },
                  "def_3pr": Object {
                    "value": 0.24647887323943662,
                  },
                  "def_delta_ppp": Object {
                    "value": 8.196096883864556,
                  },
                  "def_ftr": Object {
                    "value": 0.4507042253521127,
                  },
                  "def_pct": Object {
                    "value": 0.08527071563674632,
                  },
                  "def_pct_orbs": Object {
                    "value": 0.583711708026543,
                  },
                  "def_ppp": Object {
                    "value": 104.25568362101016,
                  },
                  "def_title": "Scramble Defense",
                  "def_to": Object {
                    "value": 0.14088605894731104,
                  },
                },
                "kind": "data-row",
                "prefixFn": [Function],
                "tableFieldsOverride": Object {
                  "pct": GenericTableColProps {
                    "className": "",
                    "colName": "%",
                    "colorPicker": [Function],
                    "formatter": [Function],
                    "isTitle": false,
                    "missingData": undefined,
                    "rowSpan": [Function],
                    "toolTip": "Percentage of possessions this play type occurs",
                    "widthUnits": 2,
                  },
                },
              },
            ]
          }
          tableFields={
            Object {
              "2p": GenericTableColProps {
                "className": "",
                "colName": "2P%",
                "colorPicker": [Function],
                "formatter": [Function],
                "isTitle": false,
                "missingData": undefined,
                "rowSpan": [Function],
                "toolTip": "2 point field goal percentage for this play type",
                "widthUnits": 2,
              },
              "3p": GenericTableColProps {
                "className": "",
                "colName": "3P%",
                "colorPicker": [Function],
                "formatter": [Function],
                "isTitle": false,
                "missingData": undefined,
                "rowSpan": [Function],
                "toolTip": "3 point field goal percentage for this play type",
                "widthUnits": 2,
              },
              "3pr": GenericTableColProps {
                "className": "",
                "colName": "3PR",
                "colorPicker": [Function],
                "formatter": [Function],
                "isTitle": false,
                "missingData": undefined,
                "rowSpan": [Function],
                "toolTip": "Percentage of 3 pointers taken against all field goals for this play type",
                "widthUnits": 2,
              },
              "delta_ppp": GenericTableColProps {
                "className": "",
                "colName": <span>
                  Î”/100
                </span>,
                "colorPicker": [Function],
                "formatter": [Function],
                "isTitle": false,
                "missingData": undefined,
                "rowSpan": [Function],
                "toolTip": "Delta points per 100 possessions between overall play and this play type",
                "widthUnits": 2,
              },
              "ftr": GenericTableColProps {
                "className": "",
                "colName": "FTR",
                "colorPicker": [Function],
                "formatter": [Function],
                "isTitle": false,
                "missingData": undefined,
                "rowSpan": [Function],
                "toolTip": "Free throw rate  for this play type",
                "widthUnits": 2,
              },
              "pct": GenericTableColProps {
                "className": "",
                "colName": "%",
                "colorPicker": [Function],
                "formatter": [Function],
                "isTitle": false,
                "missingData": undefined,
                "rowSpan": [Function],
                "toolTip": "Percentage of possessions ending in this play type",
                "widthUnits": 2,
              },
              "pct_orbs": GenericTableColProps {
                "className": "",
                "colName": "%ORB",
                "colorPicker": [Function],
                "formatter": [Function],
                "isTitle": false,
                "missingData": undefined,
                "rowSpan": [Function],
                "toolTip": "Percentage of Off rebounds resulting in a scramble play type",
                "widthUnits": 2,
              },
              "ppp": GenericTableColProps {
                "className": "",
                "colName": "P/100",
                "colorPicker": [Function],
                "formatter": [Function],
                "isTitle": false,
                "missingData": undefined,
                "rowSpan": [Function],
                "toolTip": "Points per 100 possessions ending in this play type",
                "widthUnits": 2,
              },
              "sep1": GenericTableColProps {
                "className": "",
                "colName": "",
                "colorPicker": [Function],
                "formatter": [Function],
                "isTitle": false,
                "missingData": undefined,
                "rowSpan": [Function],
                "toolTip": "",
                "widthUnits": 0.5,
              },
              "sep2": GenericTableColProps {
                "className": "",
                "colName": "",
                "colorPicker": [Function],
                "formatter": [Function],
                "isTitle": false,
                "missingData": undefined,
                "rowSpan": [Function],
                "toolTip": "",
                "widthUnits": 0.5,
              },
              "sep3": GenericTableColProps {
                "className": "",
                "colName": "",
                "colorPicker": [Function],
                "formatter": [Function],
                "isTitle": false,
                "missingData": undefined,
                "rowSpan": [Function],
                "toolTip": "",
                "widthUnits": 0.5,
              },
              "title": GenericTableColProps {
                "className": "",
                "colName": "",
                "colorPicker": [Function],
                "formatter": [Function],
                "isTitle": true,
                "missingData": undefined,
                "rowSpan": [Function],
                "toolTip": "",
                "widthUnits": 8,
              },
              "to": GenericTableColProps {
                "className": "",
                "colName": "TO%",
                "colorPicker": [Function],
                "formatter": [Function],
                "isTitle": false,
                "missingData": undefined,
                "rowSpan": [Function],
                "toolTip": "Turnover % for this play type",
                "widthUnits": 2,
              },
            }
          }
        />
      </Col>
    </Row>
  </Container>
  <a>
    More assist stats:
  </a>
  <Container
    fluid={false}
  >
    <Row
      noGutters={false}
    >
      <Col
        lg={8}
        xs={12}
      >
        <GenericTable
          tableCopyId="assistStats_test"
          tableData={
            Array [
              GenericTableSubHeaderRow {
                "className": "text-center",
                "cols": Array [
                  "",
                  <i>
                    Assist distribution
                  </i>,
                  "",
                  <i>
                    % of these shots assisted
                  </i>,
                ],
                "kind": "subheader-row",
                "spans": Array [
                  2,
                  3,
                  1,
                  3,
                ],
              },
              GenericTableDataRow {
                "cellMetaFn": [Function],
                "colSpanOverride": undefined,
                "dataObj": Object {
                  "off_3p_ast": Object {
                    "value": 0.4938875305623472,
                  },
                  "off_ast_3p": Object {
                    "value": 0.8487394957983193,
                  },
                  "off_ast_mid": Object {
                    "value": 0.27450980392156865,
                  },
                  "off_ast_rim": Object {
                    "value": 0.4430693069306931,
                  },
                  "off_mid_ast": Object {
                    "value": 0.06845965770171149,
                  },
                  "off_rim_ast": Object {
                    "value": 0.43765281173594134,
                  },
                  "off_title": "Offensive assist details",
                },
                "kind": "data-row",
                "prefixFn": [Function],
                "tableFieldsOverride": undefined,
              },
              GenericTableDataRow {
                "cellMetaFn": [Function],
                "colSpanOverride": undefined,
                "dataObj": Object {
                  "def_3p_ast": Object {
                    "value": 0.485,
                  },
                  "def_ast_3p": Object {
                    "value": 0.8546255506607929,
                  },
                  "def_ast_mid": Object {
                    "value": 0.3254437869822485,
                  },
                  "def_ast_rim": Object {
                    "value": 0.4507462686567164,
                  },
                  "def_mid_ast": Object {
                    "value": 0.1375,
                  },
                  "def_rim_ast": Object {
                    "value": 0.3775,
                  },
                  "def_title": "Defensive assist details",
                },
                "kind": "data-row",
                "prefixFn": [Function],
                "tableFieldsOverride": undefined,
              },
            ]
          }
          tableFields={
            Object {
              "3p_ast": GenericTableColProps {
                "className": "",
                "colName": "3P",
                "colorPicker": [Function],
                "formatter": [Function],
                "isTitle": false,
                "missingData": undefined,
                "rowSpan": [Function],
                "toolTip": "% of assists for 3P",
                "widthUnits": 2,
              },
              "ast_3p": GenericTableColProps {
                "className": "",
                "colName": "3P",
                "colorPicker": [Function],
                "formatter": [Function],
                "isTitle": false,
                "missingData": undefined,
                "rowSpan": [Function],
                "toolTip": "% of assists for 3P",
                "widthUnits": 2,
              },
              "ast_mid": GenericTableColProps {
                "className": "",
                "colName": "Mid",
                "colorPicker": [Function],
                "formatter": [Function],
                "isTitle": false,
                "missingData": undefined,
                "rowSpan": [Function],
                "toolTip": "% of assists for mid-range 2P",
                "widthUnits": 2,
              },
              "ast_rim": GenericTableColProps {
                "className": "",
                "colName": "Mid",
                "colorPicker": [Function],
                "formatter": [Function],
                "isTitle": false,
                "missingData": undefined,
                "rowSpan": [Function],
                "toolTip": "% of assists for 2PAs at the rim",
                "widthUnits": 2,
              },
              "mid_ast": GenericTableColProps {
                "className": "",
                "colName": "Mid",
                "colorPicker": [Function],
                "formatter": [Function],
                "isTitle": false,
                "missingData": undefined,
                "rowSpan": [Function],
                "toolTip": "% of assists for mid-range 2P",
                "widthUnits": 2,
              },
              "rim_ast": GenericTableColProps {
                "className": "",
                "colName": "Mid",
                "colorPicker": [Function],
                "formatter": [Function],
                "isTitle": false,
                "missingData": undefined,
                "rowSpan": [Function],
                "toolTip": "% of assists for 2PAs at the rim",
                "widthUnits": 2,
              },
              "sep1": GenericTableColProps {
                "className": "",
                "colName": "",
                "colorPicker": [Function],
                "formatter": [Function],
                "isTitle": false,
                "missingData": undefined,
                "rowSpan": [Function],
                "toolTip": "",
                "widthUnits": 0.5,
              },
              "sep2": GenericTableColProps {
                "className": "",
                "colName": "",
                "colorPicker": [Function],
                "formatter": [Function],
                "isTitle": false,
                "missingData": undefined,
                "rowSpan": [Function],
                "toolTip": "",
                "widthUnits": 0.5,
              },
              "title": GenericTableColProps {
                "className": "",
                "colName": "",
                "colorPicker": [Function],
                "formatter": [Function],
                "isTitle": true,
                "missingData": undefined,
                "rowSpan": [Function],
                "toolTip": "",
                "widthUnits": 8,
              },
            }
          }
        />
      </Col>
    </Row>
  </Container>
  <a>
    Misc other stats:
  </a>
  <ul>
    <li>
      3P Defensive SoS: [
      <b
        style={
          Object {
            "textShadow": "0px 0px 10px #ffffff,0px 0px 10px #ffffff",
          }
        }
      >
        33.0
      </b>
      ]%
    </li>
    <li>
      Raw tempo: 
      <span>
        <b
          style={
            Object {
              "textShadow": "0px 0px 10px #ffa500,0px 0px 10px #ffa500",
            }
          }
        >
          [
          83.2
          ]
        </b>
         poss/g
      </span>
    </li>
  </ul>
</span>
`;
