// Jest Snapshot v1, https://goo.gl/fbAQLP

exports[`TeamPlayTypeDiagView TeamPlayTypeDiagView - should create snapshot (!details, help) 1`] = `
<span>
  <div>
    <span
      style={
        Object {
          "display": "inline-block",
          "whiteSpace": "nowrap",
        }
      }
    >
      <b>
        Analysis: [
        Title
        ]
      </b>
    </span>
  </div>
  <Container
    className="mt-2"
    fluid={false}
  >
    <Col
      xs={10}
    >
      <GenericTable
        responsive={false}
        tableCopyId="teamAssistNetworks"
        tableData={Array []}
        tableFields={
          Object {
            "sepsource": GenericTableColProps {
              "className": "",
              "colName": "",
              "colorPicker": [Function],
              "formatter": [Function],
              "isTitle": false,
              "missingData": undefined,
              "rowSpan": [Function],
              "toolTip": "",
              "widthUnits": 0.75,
            },
            "sepsourceast": GenericTableColProps {
              "className": "",
              "colName": "",
              "colorPicker": [Function],
              "formatter": [Function],
              "isTitle": false,
              "missingData": undefined,
              "rowSpan": [Function],
              "toolTip": "",
              "widthUnits": 0.25,
            },
            "septarget": GenericTableColProps {
              "className": "",
              "colName": "",
              "colorPicker": [Function],
              "formatter": [Function],
              "isTitle": false,
              "missingData": undefined,
              "rowSpan": [Function],
              "toolTip": "",
              "widthUnits": 0.75,
            },
            "septarget3p": GenericTableColProps {
              "className": "",
              "colName": "",
              "colorPicker": [Function],
              "formatter": [Function],
              "isTitle": false,
              "missingData": undefined,
              "rowSpan": [Function],
              "toolTip": "",
              "widthUnits": 0.125,
            },
            "septargetmid": GenericTableColProps {
              "className": "",
              "colName": "",
              "colorPicker": [Function],
              "formatter": [Function],
              "isTitle": false,
              "missingData": undefined,
              "rowSpan": [Function],
              "toolTip": "",
              "widthUnits": 0.125,
            },
            "septargetrim": GenericTableColProps {
              "className": "",
              "colName": "",
              "colorPicker": [Function],
              "formatter": [Function],
              "isTitle": false,
              "missingData": undefined,
              "rowSpan": [Function],
              "toolTip": "",
              "widthUnits": 0.125,
            },
            "source_3p_ast": GenericTableColProps {
              "className": "",
              "colName": "3P ",
              "colorPicker": [Function],
              "formatter": [Function],
              "isTitle": false,
              "missingData": undefined,
              "rowSpan": [Function],
              "toolTip": "% of team total possessions of this shot type assisted BY the specified row (positional role)",
              "widthUnits": 2,
            },
            "source_mid_ast": GenericTableColProps {
              "className": "",
              "colName": "Mid ",
              "colorPicker": [Function],
              "formatter": [Function],
              "isTitle": false,
              "missingData": undefined,
              "rowSpan": [Function],
              "toolTip": "% of team total possessions of this shot type assisted BY the specified row (positional role)",
              "widthUnits": 2,
            },
            "source_rim_ast": GenericTableColProps {
              "className": "",
              "colName": "Rim ",
              "colorPicker": [Function],
              "formatter": [Function],
              "isTitle": false,
              "missingData": undefined,
              "rowSpan": [Function],
              "toolTip": "% of team total possessions of this shot type assisted BY the specified row (positional role)",
              "widthUnits": 2,
            },
            "source_sf": GenericTableColProps {
              "className": "",
              "colName": "SF",
              "colorPicker": [Function],
              "formatter": [Function],
              "isTitle": false,
              "missingData": undefined,
              "rowSpan": [Function],
              "toolTip": "% of team total possessions ending in a trip to the FT line",
              "widthUnits": 2,
            },
            "target_3p_ast": GenericTableColProps {
              "className": "",
              "colName": "3P AST% ",
              "colorPicker": [Function],
              "formatter": [Function],
              "isTitle": false,
              "missingData": undefined,
              "rowSpan": [Function],
              "toolTip": "% of total assists to the specified row (positional role) for this shot type",
              "widthUnits": 2,
            },
            "target_3p_efg": GenericTableColProps {
              "className": "",
              "colName": "eFG",
              "colorPicker": [Function],
              "formatter": [Function],
              "isTitle": false,
              "missingData": undefined,
              "rowSpan": [Function],
              "toolTip": "The season eFG% of this shot type / row (positional role)",
              "widthUnits": 2,
            },
            "target_ast": GenericTableColProps {
              "className": "",
              "colName": "AST",
              "colorPicker": [Function],
              "formatter": [Function],
              "isTitle": false,
              "missingData": undefined,
              "rowSpan": [Function],
              "toolTip": "% of team total possessions ending with an assist FOR the specified row (positional role)",
              "widthUnits": 2,
            },
            "target_mid_ast": GenericTableColProps {
              "className": "",
              "colName": "Mid AST% ",
              "colorPicker": [Function],
              "formatter": [Function],
              "isTitle": false,
              "missingData": undefined,
              "rowSpan": [Function],
              "toolTip": "% of total assists to the specified row (positional role) for this shot type",
              "widthUnits": 2,
            },
            "target_mid_efg": GenericTableColProps {
              "className": "",
              "colName": "eFG",
              "colorPicker": [Function],
              "formatter": [Function],
              "isTitle": false,
              "missingData": undefined,
              "rowSpan": [Function],
              "toolTip": "The season eFG% of this shot type / row (positional role)",
              "widthUnits": 2,
            },
            "target_rim_ast": GenericTableColProps {
              "className": "",
              "colName": "Rim AST% ",
              "colorPicker": [Function],
              "formatter": [Function],
              "isTitle": false,
              "missingData": undefined,
              "rowSpan": [Function],
              "toolTip": "% of total assists to the specified row (positional role) for this shot type",
              "widthUnits": 2,
            },
            "target_rim_efg": GenericTableColProps {
              "className": "",
              "colName": "eFG",
              "colorPicker": [Function],
              "formatter": [Function],
              "isTitle": false,
              "missingData": undefined,
              "rowSpan": [Function],
              "toolTip": "The season eFG% of this shot type / row (positional role)",
              "widthUnits": 2,
            },
            "title": GenericTableColProps {
              "className": "",
              "colName": "",
              "colorPicker": [Function],
              "formatter": [Function],
              "isTitle": true,
              "missingData": undefined,
              "rowSpan": [Function],
              "toolTip": "",
              "widthUnits": 8,
            },
          }
        }
      />
    </Col>
  </Container>
</span>
`;

exports[`TeamPlayTypeDiagView TeamPlayTypeDiagView - should create snapshot (!help) 1`] = `
<span>
  <div>
    <span
      style={
        Object {
          "display": "inline-block",
          "whiteSpace": "nowrap",
        }
      }
    >
      <b>
        Analysis: [
        Title
        ]
      </b>
    </span>
  </div>
  <Container
    className="mt-2"
    fluid={false}
  >
    <Col
      xs={10}
    >
      <GenericTable
        responsive={false}
        tableCopyId="teamAssistNetworks"
        tableData={Array []}
        tableFields={
          Object {
            "sepsource": GenericTableColProps {
              "className": "",
              "colName": "",
              "colorPicker": [Function],
              "formatter": [Function],
              "isTitle": false,
              "missingData": undefined,
              "rowSpan": [Function],
              "toolTip": "",
              "widthUnits": 0.75,
            },
            "sepsourceast": GenericTableColProps {
              "className": "",
              "colName": "",
              "colorPicker": [Function],
              "formatter": [Function],
              "isTitle": false,
              "missingData": undefined,
              "rowSpan": [Function],
              "toolTip": "",
              "widthUnits": 0.25,
            },
            "septarget": GenericTableColProps {
              "className": "",
              "colName": "",
              "colorPicker": [Function],
              "formatter": [Function],
              "isTitle": false,
              "missingData": undefined,
              "rowSpan": [Function],
              "toolTip": "",
              "widthUnits": 0.75,
            },
            "septarget3p": GenericTableColProps {
              "className": "",
              "colName": "",
              "colorPicker": [Function],
              "formatter": [Function],
              "isTitle": false,
              "missingData": undefined,
              "rowSpan": [Function],
              "toolTip": "",
              "widthUnits": 0.125,
            },
            "septargetmid": GenericTableColProps {
              "className": "",
              "colName": "",
              "colorPicker": [Function],
              "formatter": [Function],
              "isTitle": false,
              "missingData": undefined,
              "rowSpan": [Function],
              "toolTip": "",
              "widthUnits": 0.125,
            },
            "septargetrim": GenericTableColProps {
              "className": "",
              "colName": "",
              "colorPicker": [Function],
              "formatter": [Function],
              "isTitle": false,
              "missingData": undefined,
              "rowSpan": [Function],
              "toolTip": "",
              "widthUnits": 0.125,
            },
            "source_3p_ast": GenericTableColProps {
              "className": "",
              "colName": "3P ",
              "colorPicker": [Function],
              "formatter": [Function],
              "isTitle": false,
              "missingData": undefined,
              "rowSpan": [Function],
              "toolTip": "% of team total possessions of this shot type assisted BY the specified row (positional role)",
              "widthUnits": 2,
            },
            "source_mid_ast": GenericTableColProps {
              "className": "",
              "colName": "Mid ",
              "colorPicker": [Function],
              "formatter": [Function],
              "isTitle": false,
              "missingData": undefined,
              "rowSpan": [Function],
              "toolTip": "% of team total possessions of this shot type assisted BY the specified row (positional role)",
              "widthUnits": 2,
            },
            "source_rim_ast": GenericTableColProps {
              "className": "",
              "colName": "Rim ",
              "colorPicker": [Function],
              "formatter": [Function],
              "isTitle": false,
              "missingData": undefined,
              "rowSpan": [Function],
              "toolTip": "% of team total possessions of this shot type assisted BY the specified row (positional role)",
              "widthUnits": 2,
            },
            "source_sf": GenericTableColProps {
              "className": "",
              "colName": "SF",
              "colorPicker": [Function],
              "formatter": [Function],
              "isTitle": false,
              "missingData": undefined,
              "rowSpan": [Function],
              "toolTip": "% of team total possessions ending in a trip to the FT line",
              "widthUnits": 2,
            },
            "target_3p_ast": GenericTableColProps {
              "className": "",
              "colName": "3P AST% ",
              "colorPicker": [Function],
              "formatter": [Function],
              "isTitle": false,
              "missingData": undefined,
              "rowSpan": [Function],
              "toolTip": "% of total assists to the specified row (positional role) for this shot type",
              "widthUnits": 2,
            },
            "target_3p_efg": GenericTableColProps {
              "className": "",
              "colName": "eFG",
              "colorPicker": [Function],
              "formatter": [Function],
              "isTitle": false,
              "missingData": undefined,
              "rowSpan": [Function],
              "toolTip": "The season eFG% of this shot type / row (positional role)",
              "widthUnits": 2,
            },
            "target_ast": GenericTableColProps {
              "className": "",
              "colName": "AST",
              "colorPicker": [Function],
              "formatter": [Function],
              "isTitle": false,
              "missingData": undefined,
              "rowSpan": [Function],
              "toolTip": "% of team total possessions ending with an assist FOR the specified row (positional role)",
              "widthUnits": 2,
            },
            "target_mid_ast": GenericTableColProps {
              "className": "",
              "colName": "Mid AST% ",
              "colorPicker": [Function],
              "formatter": [Function],
              "isTitle": false,
              "missingData": undefined,
              "rowSpan": [Function],
              "toolTip": "% of total assists to the specified row (positional role) for this shot type",
              "widthUnits": 2,
            },
            "target_mid_efg": GenericTableColProps {
              "className": "",
              "colName": "eFG",
              "colorPicker": [Function],
              "formatter": [Function],
              "isTitle": false,
              "missingData": undefined,
              "rowSpan": [Function],
              "toolTip": "The season eFG% of this shot type / row (positional role)",
              "widthUnits": 2,
            },
            "target_rim_ast": GenericTableColProps {
              "className": "",
              "colName": "Rim AST% ",
              "colorPicker": [Function],
              "formatter": [Function],
              "isTitle": false,
              "missingData": undefined,
              "rowSpan": [Function],
              "toolTip": "% of total assists to the specified row (positional role) for this shot type",
              "widthUnits": 2,
            },
            "target_rim_efg": GenericTableColProps {
              "className": "",
              "colName": "eFG",
              "colorPicker": [Function],
              "formatter": [Function],
              "isTitle": false,
              "missingData": undefined,
              "rowSpan": [Function],
              "toolTip": "The season eFG% of this shot type / row (positional role)",
              "widthUnits": 2,
            },
            "title": GenericTableColProps {
              "className": "",
              "colName": "",
              "colorPicker": [Function],
              "formatter": [Function],
              "isTitle": true,
              "missingData": undefined,
              "rowSpan": [Function],
              "toolTip": "",
              "widthUnits": 8,
            },
          }
        }
      />
    </Col>
  </Container>
</span>
`;
