// Jest Snapshot v1, https://goo.gl/fbAQLP

exports[`GameFilter GameFilter - should create snapshot 1`] = `
<CommonFilter
  buildParamsFromState={[Function]}
  childHandleResponse={[Function]}
  childSubmitRequest={[Function]}
  onChangeCommonState={[Function]}
  onChangeState={[Function]}
  startingState={Object {}}
  tablePrefix="game-"
>
  <FormGroup
    as={
      Object {
        "$$typeof": Symbol(react.forward_ref),
        "defaultProps": Object {
          "noGutters": false,
        },
        "render": [Function],
      }
    }
  >
    <FormLabel
      column={true}
      sm="2"
      srOnly={false}
    >
      On Query
    </FormLabel>
    <Col
      sm="8"
    >
      <FormControl
        onChange={[Function]}
        onKeyUp={[Function]}
        placeholder="eg 'Player1 AND (Player2 OR Player3)'"
        value=""
      />
    </Col>
  </FormGroup>
  <FormGroup
    as={
      Object {
        "$$typeof": Symbol(react.forward_ref),
        "defaultProps": Object {
          "noGutters": false,
        },
        "render": [Function],
      }
    }
  >
    <FormLabel
      column={true}
      sm="2"
      srOnly={false}
    >
      Off Query
    </FormLabel>
    <Col
      sm="8"
    />
    <Col
      sm="2"
    >
      <FormCheck
        checked={true}
        disabled={false}
        id="autoOffQuery"
        inline={false}
        isInvalid={false}
        isValid={false}
        label="Auto"
        onChange={[Function]}
        title=""
        type="switch"
      />
    </Col>
  </FormGroup>
  <FormGroup
    as={
      Object {
        "$$typeof": Symbol(react.forward_ref),
        "defaultProps": Object {
          "noGutters": false,
        },
        "render": [Function],
      }
    }
  >
    <FormLabel
      column={true}
      sm="2"
      srOnly={false}
    >
      Baseline Query
    </FormLabel>
    <Col
      sm="8"
    >
      <FormControl
        onChange={[Function]}
        onKeyUp={[Function]}
        placeholder="eg 'NOT (WalkOn1 OR WalkOn2)' - applied to both 'On' and 'Off' queries"
        value=""
      />
    </Col>
    <Col
      sm="2"
    >
      <FormCheck
        checked={false}
        disabled={true}
        id="excludeWalkons"
        inline={false}
        isInvalid={false}
        isValid={false}
        label="Auto Walk-ons"
        title=""
        type="switch"
      />
    </Col>
  </FormGroup>
</CommonFilter>
`;
