// Jest Snapshot v1, https://goo.gl/fbAQLP

exports[`LineupFilter LineupFilter - should create snapshot 1`] = `
<CommonFilter
  buildParamsFromState={[Function]}
  childHandleResponse={[Function]}
  childSubmitRequest={[Function]}
  onChangeCommonState={[Function]}
  onChangeState={[Function]}
  startingState={Object {}}
  tablePrefix="lineup-"
>
  <FormGroup
    as={
      Object {
        "$$typeof": Symbol(react.forward_ref),
        "defaultProps": Object {
          "noGutters": false,
        },
        "render": [Function],
      }
    }
  >
    <FormLabel
      column={true}
      sm="2"
      srOnly={false}
    >
      Baseline Query
    </FormLabel>
    <Col
      sm="8"
    >
      <FormControl
        onChange={[Function]}
        onKeyUp={[Function]}
        placeholder="eg 'Player1 AND NOT (WalkOn1 OR WalkOn2)'"
        value=""
      />
    </Col>
    <Col
      sm="2"
    >
      <FormCheck
        checked={false}
        disabled={true}
        id="excludeWalkons"
        inline={false}
        isInvalid={false}
        isValid={false}
        label="Auto Walk-ons"
        title=""
        type="switch"
      />
    </Col>
  </FormGroup>
</CommonFilter>
`;
